[112, 0]
[112, 1]
[112, 2]
[112, 3]
[112, 8]
[112, 9]
[112, 10]
[112, 11]
[112, 12]
[112, 13]
[112, 14]
[112, 15]
[112, 40]
[112, 41]
[112, 42]
[112, 43]
[112, 44]
[112, 45]
[112, 47]
[112, 48]
[112, 49]
[112, 51]
[112, 52]
[112, 54]
[112, 55]
[112, 56]
[112, 57]
[112, 58]
[112, 59]
[112, 60]
[112, 62]
[112, 63]
[112, 64]
[112, 66]
[112, 80]
[112, 81]
[112, 82]
[112, 83]
[112, 84]
[112, 85]
[112, 86]
[112, 87]
[112, 89]
[112, 108]
[112, 109]
[112, 110]
[112, 111]
[112, 139]
[112, 140]
[112, 141]
[112, 142]
[112, 143]
[112, 180]
[112, 181]
[112, 183]
[112, 184]
[112, 185]
[112, 186]
[112, 187]
[112, 212]
[112, 213]
[112, 214]
[112, 224]
